a line
b line
c line
